{
    "Minimal features test run": {
        "content": [
            "all_samples.all.profile.tsv:md5,930fb91884bc7eeaa5bf7767086b4360"
        ],
        "timestamp": "2026-03-25T17:53:51.629467742",
        "meta": {
            "nf-test": "0.9.5",
            "nextflow": "25.10.4"
        }
    }
}