{
    "TEST 2. Omega analysis test run": {
        "content": [
            "all_samples.all.profile.tsv:md5,347c786848dbab840f61f36f1e051f05"
        ],
        "timestamp": "2026-04-09T09:53:31.390601733",
        "meta": {
            "nf-test": "0.9.5",
            "nextflow": "25.10.4"
        }
    },
    "TEST 1. Basic functionality - MAF-based processing": {
        "content": [
            "all_samples.all.profile.tsv:md5,347c786848dbab840f61f36f1e051f05"
        ],
        "timestamp": "2026-04-09T09:41:14.087331014",
        "meta": {
            "nf-test": "0.9.5",
            "nextflow": "25.10.4"
        }
    }
}