{
    "Should run with autoexons and autodomains": {
        "content": [
            {
                "0": [
                    [
                        {
                            "id": "test2",
                            "single_end": false
                        },
                        "exons_consensus_panel_with_hotspots.tsv:md5,6ad5da1066446d8112d94529a872a89a"
                    ]
                ],
                "1": [
                    [
                        {
                            "id": "test2",
                            "single_end": false
                        },
                        "hotspot_names.json:md5,13e7c63d0a00bdeee27b0846620369dc"
                    ]
                ],
                "2": [
                    "versions.yml:md5,2a87f11ee825beb104e6cb60c40a4340"
                ],
                "new_regions_json": [
                    [
                        {
                            "id": "test2",
                            "single_end": false
                        },
                        "hotspot_names.json:md5,13e7c63d0a00bdeee27b0846620369dc"
                    ]
                ],
                "panel_increased": [
                    [
                        {
                            "id": "test2",
                            "single_end": false
                        },
                        "exons_consensus_panel_with_hotspots.tsv:md5,6ad5da1066446d8112d94529a872a89a"
                    ]
                ]
            }
        ],
        "meta": {
            "nf-test": "0.9.2",
            "nextflow": "25.04.7"
        },
        "timestamp": "2025-09-19T22:36:16.254929281"
    }
}