{
    "Should run with autoexons and autodomains": {
        "content": [
            {
                "0": [
                    [
                        {
                            "id": "test2",
                            "single_end": false
                        },
                        "exons_consensus_panel_with_hotspots.tsv:md5,d082d4b1355cbc3097aebd4eab3917b0"
                    ]
                ],
                "1": [
                    [
                        {
                            "id": "test2",
                            "single_end": false
                        },
                        "hotspot_names.json:md5,26890d8cc71b571e35ca4e49c51b6567"
                    ]
                ],
                "2": [
                    "versions.yml:md5,2a87f11ee825beb104e6cb60c40a4340"
                ],
                "new_regions_json": [
                    [
                        {
                            "id": "test2",
                            "single_end": false
                        },
                        "hotspot_names.json:md5,26890d8cc71b571e35ca4e49c51b6567"
                    ]
                ],
                "panel_increased": [
                    [
                        {
                            "id": "test2",
                            "single_end": false
                        },
                        "exons_consensus_panel_with_hotspots.tsv:md5,d082d4b1355cbc3097aebd4eab3917b0"
                    ]
                ]
            }
        ],
        "meta": {
            "nf-test": "0.9.2",
            "nextflow": "25.04.7"
        },
        "timestamp": "2025-09-19T09:08:34.567483549"
    }
}