{
    "Should run and reproduce expected grouping JSON outputs": {
        "content": [
            {
                "0": [
                    "samples.json:md5,c6829458245ef3a9a069b60f91c5da34"
                ],
                "1": [
                    "groups.json:md5,9cab213441a76ac85255513908e0f041"
                ],
                "2": [
                    "all_groups.json:md5,7114c2d27dccef8fe079455b208c2601"
                ],
                "3": [
                    "versions.yml:md5,b3b4262a533843f7b04175e061b41be0"
                ],
                "json_allgroups": [
                    "all_groups.json:md5,7114c2d27dccef8fe079455b208c2601"
                ],
                "json_groups": [
                    "groups.json:md5,9cab213441a76ac85255513908e0f041"
                ],
                "json_samples": [
                    "samples.json:md5,c6829458245ef3a9a069b60f91c5da34"
                ]
            }
        ],
        "meta": {
            "nf-test": "0.9.2",
            "nextflow": "25.10.4"
        },
        "timestamp": "2026-04-17T15:24:09.763974748"
    }
}