{
    "Should run and reproduce expected per-sample VCF files": {
        "content": [
            {
                "0": [
                    [
                        "P19_0002_BDO_01.vcf:md5,dd77d4b43eba77e42363053a06799a99",
                        "P19_0002_BTR_01.vcf:md5,c3f03b4004651bbd1ed8d2d5b277f8a5",
                        "P19_0003_BDO_01.vcf:md5,1708c858933d063a5ae32a535c9a5020"
                    ]
                ],
                "1": [
                    "versions.yml:md5,793f7e2ed7ab3ad2223575699cc62db3"
                ],
                "vcf_files": [
                    [
                        "P19_0002_BDO_01.vcf:md5,dd77d4b43eba77e42363053a06799a99",
                        "P19_0002_BTR_01.vcf:md5,c3f03b4004651bbd1ed8d2d5b277f8a5",
                        "P19_0003_BDO_01.vcf:md5,1708c858933d063a5ae32a535c9a5020"
                    ]
                ]
            }
        ],
        "meta": {
            "nf-test": "0.9.2",
            "nextflow": "25.10.4"
        },
        "timestamp": "2026-04-17T16:08:12.722505088"
    }
}